// Jest Snapshot v1, https://goo.gl/fbAQLP

exports[`OidcSecure tests suite OidcSecureWithInjectedFunctions should call authentication and AuthenticatingComponent during authentication process 1`] = `
<DocumentFragment>
  <div>
    <span>
      Default authenticating page
    </span>
  </div>
</DocumentFragment>
`;

exports[`OidcSecure tests suite OidcSecureWithInjectedFunctions should show component if user connected 1`] = `
<DocumentFragment>
  <div
    data-testid="componentMount"
  />
</DocumentFragment>
`;

exports[`OidcSecure tests suite withOidcSecureWithInjectedFunctions should call authentication and AuthenticatingComponent during authentication process 1`] = `
<DocumentFragment>
  <div>
    <span>
      Default authenticating page
    </span>
  </div>
</DocumentFragment>
`;

exports[`OidcSecure tests suite withOidcSecureWithInjectedFunctions should show component if user connected 1`] = `
<DocumentFragment>
  <div
    data-testid="componentMount"
  >
    ValSupp
  </div>
</DocumentFragment>
`;
