// Jest Snapshot v1, https://goo.gl/fbAQLP

exports[`Callback.component test suite renders correctly 1`] = `
<DocumentFragment>
  <div
    class="oidc-callback"
  >
    <div
      class="oidc-callback__container"
    >
      <h1
        class="oidc-callback__title"
      >
        Authentification terminée
      </h1>
      <p
        class="oidc-callback__content"
      >
        Vous allez être redirigé sur votre application.
      </p>
    </div>
  </div>
</DocumentFragment>
`;
