// Jest Snapshot v1, https://goo.gl/fbAQLP

exports[`Not Authenticated test suite renders correctly 1`] = `
<DocumentFragment>
  <div>
    <div
      class="container"
    >
      <h1>
        Authentification
      </h1>
      <p>
        Vous n'êtes pas authentifié.
      </p>
    </div>
  </div>
</DocumentFragment>
`;
