// Jest Snapshot v1, https://goo.gl/fbAQLP

exports[`Session Lost test suite SessionLost renders correctly 1`] = `
<DocumentFragment>
  <div
    class="oidc-session-lost"
  >
    <div
      class="oidc-session-lost__container"
    >
      <h1
        class="oidc-session-lost__title"
      >
        Session expirée
      </h1>
      <p
        class="oidc-session-lost__content"
      >
        Votre session est expirée. Veuillez vous ré-authentifier.
      </p>
      <button
        class="oidc-session-lost__button"
        type="button"
      >
        Ré-authentifier
      </button>
    </div>
  </div>
</DocumentFragment>
`;

exports[`Session Lost test suite SessionLostContainer renders correctly 1`] = `
<DocumentFragment>
  <div
    class="oidc-session-lost"
  >
    <div
      class="oidc-session-lost__container"
    >
      <h1
        class="oidc-session-lost__title"
      >
        Session expirée
      </h1>
      <p
        class="oidc-session-lost__content"
      >
        Votre session est expirée. Veuillez vous ré-authentifier.
      </p>
      <button
        class="oidc-session-lost__button"
        type="button"
      >
        Ré-authentifier
      </button>
    </div>
  </div>
</DocumentFragment>
`;
