// Jest Snapshot v1, https://goo.gl/fbAQLP

exports[`SilentCallbackcomponent test Should call silent callback when construct 1`] = `<div />`;
