// Jest Snapshot v1, https://goo.gl/fbAQLP

exports[`callbackcomponent test suite renders correctly 1`] = `
<div>
  <div
    className="container"
  >
    <h1>
      Authentification terminée
    </h1>
    <p>
      Vous allez être redirigé sur votre application.
    </p>
  </div>
</div>
`;
