// Jest Snapshot v1, https://goo.gl/fbAQLP

exports[`Authenticating test suite renders correctly 1`] = `
<DocumentFragment>
  <div
    class="oidc-authenticating"
  >
    <div
      class="oidc-authenticating__container"
    >
      <h1
        class="oidc-authenticating__title"
      >
        Authentification en cours
      </h1>
      <p
        class="oidc-authenticating__content"
      >
        Vous allez être redirigé sur la page de login
      </p>
    </div>
  </div>
</DocumentFragment>
`;
