// Jest Snapshot v1, https://goo.gl/fbAQLP

exports[`Not Authorize test suite renders correctly 1`] = `
<DocumentFragment>
  <div
    class="oidc-not-authenticated"
  >
    <div
      class="oidc-not-authenticated__container"
    >
      <h1
        class="oidc-not-authenticated__title"
      >
        Authentification
      </h1>
      <p
        class="oidc-not-authenticated__content"
      >
        Vous n'êtes pas authentifié.
      </p>
    </div>
  </div>
</DocumentFragment>
`;
