// Jest Snapshot v1, https://goo.gl/fbAQLP

exports[`Render <Authenticating/> correctly 1`] = `
<div>
  <div
    className="container"
  >
    <h1>
      Authentication en cours
    </h1>
    <p>
      Vous allez être redirigé sur la page de login.
    </p>
  </div>
</div>
`;
