// Jest Snapshot v1, https://goo.gl/fbAQLP

exports[`Render <NotAuthorized/> correctly 1`] = `
<div>
  <div
    className="container"
  >
    <h1>
      Autorisation
    </h1>
    <p>
      Vous n'êtes pas autorisé à accéder à cette ressource.
    </p>
  </div>
</div>
`;
