// Jest Snapshot v1, https://goo.gl/fbAQLP

exports[`Authenticating test suite renders correctly 1`] = `
<DocumentFragment>
  http://url.com
</DocumentFragment>
`;
